02@DESKTOP-DCA76SJ MINGW64 /c/xampp/htdocs/proyecto (main)
$ git init
Reinitialized existing Git repository in C:/xampp/htdocs/proyecto/.git/

02@DESKTOP-DCA76SJ MINGW64 /c/xampp/htdocs/proyecto (main)
$ git add .

02@DESKTOP-DCA76SJ MINGW64 /c/xampp/htdocs/proyecto (main)
$ git commit -m "third"
[main 37e84aa] third
 1 file changed, 0 insertions(+), 0 deletions(-)
 delete mode 100644 trk.png

02@DESKTOP-DCA76SJ MINGW64 /c/xampp/htdocs/proyecto (main)
$ git branch -M main

02@DESKTOP-DCA76SJ MINGW64 /c/xampp/htdocs/proyecto (main)
$ git remote add origin hthttps://github.com/zXKILLERXz/arms2.git
error: remote origin already exists.

02@DESKTOP-DCA76SJ MINGW64 /c/xampp/htdocs/proyecto (main)
$ git push -u origin main
Enumerating objects: 3, done.
Counting objects: 100% (3/3), done.
Delta compression using up to 16 threads
Compressing objects: 100% (2/2), done.
Writing objects: 100% (2/2), 236 bytes | 236.00 KiB/s, done.
Total 2 (delta 1), reused 0 (delta 0), pack-reused 0
remote: Resolving deltas: 100% (1/1), completed with 1 local object.
To https://github.com/zXKILLERXz/arms3.github.io.git
   ac7758f..37e84aa  main -> main
branch 'main' set up to track 'origin/main'.

02@DESKTOP-DCA76SJ MINGW64 /c/xampp/htdocs/proyecto (main)
$

